Archive member included to satisfy reference by file (symbol)

c:/program files (x86)/atmel/studio/7.0/toolchain/avr8/avr8-gnu-toolchain/bin/../lib/gcc/avr/5.4.0/avr5\libgcc.a(_udivmodhi4.o)
                              clock.o (__udivmodhi4)
c:/program files (x86)/atmel/studio/7.0/toolchain/avr8/avr8-gnu-toolchain/bin/../lib/gcc/avr/5.4.0/avr5\libgcc.a(_udivmodsi4.o)
                              General.o (__udivmodsi4)
c:/program files (x86)/atmel/studio/7.0/toolchain/avr8/avr8-gnu-toolchain/bin/../lib/gcc/avr/5.4.0/avr5\libgcc.a(_exit.o)
                              C:/Program Files (x86)/Atmel/Studio/7.0/Packs/atmel/ATmega_DFP/1.2.150/gcc/dev/atmega644pa/avr5/crtatmega644pa.o (exit)
c:/program files (x86)/atmel/studio/7.0/toolchain/avr8/avr8-gnu-toolchain/bin/../lib/gcc/avr/5.4.0/avr5\libgcc.a(_copy_data.o)
                              General.o (__do_copy_data)
c:/program files (x86)/atmel/studio/7.0/toolchain/avr8/avr8-gnu-toolchain/bin/../lib/gcc/avr/5.4.0/avr5\libgcc.a(_clear_bss.o)
                              clock.o (__do_clear_bss)
c:/program files (x86)/atmel/studio/7.0/toolchain/avr8/avr8-gnu-toolchain/bin/../lib/gcc/avr/5.4.0/avr5\libgcc.a(_umulhisi3.o)
                              measure_bat.o (__umulhisi3)
c:/program files (x86)/atmel/studio/7.0/toolchain/avr8/avr8-gnu-toolchain/bin/../lib/gcc/avr/5.4.0/../../../../avr/lib/avr5\libc.a(memcpy_P.o)
                              main.o (memcpy_P)
c:/program files (x86)/atmel/studio/7.0/toolchain/avr8/avr8-gnu-toolchain/bin/../lib/gcc/avr/5.4.0/../../../../avr/lib/avr5\libc.a(strcmp.o)
                              modem_manager.o (strcmp)
c:/program files (x86)/atmel/studio/7.0/toolchain/avr8/avr8-gnu-toolchain/bin/../lib/gcc/avr/5.4.0/../../../../avr/lib/avr5\libc.a(strcpy.o)
                              modem_manager.o (strcpy)
C:/Program Files (x86)/Atmel/Studio/7.0/Packs/atmel/ATmega_DFP/1.2.150/gcc/dev/atmega644pa/avr5\libatmega644pa.a(eerd_block.o)
                              General.o (eeprom_read_block)
C:/Program Files (x86)/Atmel/Studio/7.0/Packs/atmel/ATmega_DFP/1.2.150/gcc/dev/atmega644pa/avr5\libatmega644pa.a(eewr_block.o)
                              General.o (eeprom_write_block)
C:/Program Files (x86)/Atmel/Studio/7.0/Packs/atmel/ATmega_DFP/1.2.150/gcc/dev/atmega644pa/avr5\libatmega644pa.a(eewr_byte.o)
                              C:/Program Files (x86)/Atmel/Studio/7.0/Packs/atmel/ATmega_DFP/1.2.150/gcc/dev/atmega644pa/avr5\libatmega644pa.a(eewr_block.o) (eeprom_write_r18)

Allocating common symbols
Common symbol       size              file

isAppValid          0x1               main.o
atCommand           0x800             modem_manager.o
performUpgrade      0x1               main.o
atCommandCount      0x2               modem_manager.o
appHeader           0x6               main.o
btrStatus           0x1               main.o
iVoltage            0x2               main.o
httpBodyStart       0x2               modem_manager.o
crc                 0x2               main.o
wdtSecs             0x2               main.o
appEepromData       0x61              General.o
LedStatus           0x4               main.o
bExtReset           0x1               main.o
ICCID               0x15              modem_manager.o
OprtTbl             0x78              modem_manager.o
CellID              0x6               modem_manager.o
blEepromData        0x2               General.o
ms100               0x2               clock.o
upgradeRetries      0x1               main.o
contentLength       0x2               server.o
debugbuf            0x64              General.o
rssi_val            0x1               modem_manager.o
isRoaming           0x1               modem_manager.o

Discarded input sections

 .data          0x00000000        0x0 C:/Program Files (x86)/Atmel/Studio/7.0/Packs/atmel/ATmega_DFP/1.2.150/gcc/dev/atmega644pa/avr5/crtatmega644pa.o
 .bss           0x00000000        0x0 C:/Program Files (x86)/Atmel/Studio/7.0/Packs/atmel/ATmega_DFP/1.2.150/gcc/dev/atmega644pa/avr5/crtatmega644pa.o
 .text          0x00000000        0x0 cli.o
 .data          0x00000000        0x0 cli.o
 .bss           0x00000000        0x0 cli.o
 .debug_info    0x00000000       0x6b cli.o
 .debug_abbrev  0x00000000       0x26 cli.o
 .debug_aranges
                0x00000000       0x18 cli.o
 .debug_line    0x00000000       0x1a cli.o
 .debug_str     0x00000000      0x164 cli.o
 .comment       0x00000000       0x31 cli.o
 .text          0x00000000        0x0 clock.o
 .data          0x00000000        0x0 clock.o
 .bss           0x00000000        0x0 clock.o
 .text          0x00000000        0x0 General.o
 .data          0x00000000        0x0 General.o
 .bss           0x00000000        0x0 General.o
 .text.logHexByte
                0x00000000       0x36 General.o
 .data.hex      0x00000000        0x2 General.o
 .text          0x00000000        0x0 interrupts.o
 .data          0x00000000        0x0 interrupts.o
 .bss           0x00000000        0x0 interrupts.o
 .text          0x00000000        0x0 main.o
 .data          0x00000000        0x0 main.o
 .bss           0x00000000        0x0 main.o
 .text          0x00000000        0x0 measure_bat.o
 .data          0x00000000        0x0 measure_bat.o
 .bss           0x00000000        0x0 measure_bat.o
 .text          0x00000000        0x0 modem_manager.o
 .data          0x00000000        0x0 modem_manager.o
 .bss           0x00000000        0x0 modem_manager.o
 .text.isVerizonConnection
                0x00000000        0xe modem_manager.o
 .text.parseQSSResponse
                0x00000000       0x3a modem_manager.o
 .text.parseCCIDResponse
                0x00000000       0x4e modem_manager.o
 .text.parseCEREGResponse
                0x00000000        0x8 modem_manager.o
 .text.parseContextStatesResponse
                0x00000000       0x58 modem_manager.o
 .bss.simStatus
                0x00000000        0x1 modem_manager.o
 .text          0x00000000        0x0 server.o
 .data          0x00000000        0x0 server.o
 .bss           0x00000000        0x0 server.o
 .text.flashCmp
                0x00000000       0x26 server.o
 .text          0x00000000        0x0 c:/program files (x86)/atmel/studio/7.0/toolchain/avr8/avr8-gnu-toolchain/bin/../lib/gcc/avr/5.4.0/avr5\libgcc.a(_udivmodhi4.o)
 .data          0x00000000        0x0 c:/program files (x86)/atmel/studio/7.0/toolchain/avr8/avr8-gnu-toolchain/bin/../lib/gcc/avr/5.4.0/avr5\libgcc.a(_udivmodhi4.o)
 .bss           0x00000000        0x0 c:/program files (x86)/atmel/studio/7.0/toolchain/avr8/avr8-gnu-toolchain/bin/../lib/gcc/avr/5.4.0/avr5\libgcc.a(_udivmodhi4.o)
 .text.libgcc.mul
                0x00000000        0x0 c:/program files (x86)/atmel/studio/7.0/toolchain/avr8/avr8-gnu-toolchain/bin/../lib/gcc/avr/5.4.0/avr5\libgcc.a(_udivmodhi4.o)
 .text.libgcc   0x00000000        0x0 c:/program files (x86)/atmel/studio/7.0/toolchain/avr8/avr8-gnu-toolchain/bin/../lib/gcc/avr/5.4.0/avr5\libgcc.a(_udivmodhi4.o)
 .text.libgcc.prologue
                0x00000000        0x0 c:/program files (x86)/atmel/studio/7.0/toolchain/avr8/avr8-gnu-toolchain/bin/../lib/gcc/avr/5.4.0/avr5\libgcc.a(_udivmodhi4.o)
 .text.libgcc.builtins
                0x00000000        0x0 c:/program files (x86)/atmel/studio/7.0/toolchain/avr8/avr8-gnu-toolchain/bin/../lib/gcc/avr/5.4.0/avr5\libgcc.a(_udivmodhi4.o)
 .text.libgcc.fmul
                0x00000000        0x0 c:/program files (x86)/atmel/studio/7.0/toolchain/avr8/avr8-gnu-toolchain/bin/../lib/gcc/avr/5.4.0/avr5\libgcc.a(_udivmodhi4.o)
 .text.libgcc.fixed
                0x00000000        0x0 c:/program files (x86)/atmel/studio/7.0/toolchain/avr8/avr8-gnu-toolchain/bin/../lib/gcc/avr/5.4.0/avr5\libgcc.a(_udivmodhi4.o)
 .text          0x00000000        0x0 c:/program files (x86)/atmel/studio/7.0/toolchain/avr8/avr8-gnu-toolchain/bin/../lib/gcc/avr/5.4.0/avr5\libgcc.a(_udivmodsi4.o)
 .data          0x00000000        0x0 c:/program files (x86)/atmel/studio/7.0/toolchain/avr8/avr8-gnu-toolchain/bin/../lib/gcc/avr/5.4.0/avr5\libgcc.a(_udivmodsi4.o)
 .bss           0x00000000        0x0 c:/program files (x86)/atmel/studio/7.0/toolchain/avr8/avr8-gnu-toolchain/bin/../lib/gcc/avr/5.4.0/avr5\libgcc.a(_udivmodsi4.o)
 .text.libgcc.mul
                0x00000000        0x0 c:/program files (x86)/atmel/studio/7.0/toolchain/avr8/avr8-gnu-toolchain/bin/../lib/gcc/avr/5.4.0/avr5\libgcc.a(_udivmodsi4.o)
 .text.libgcc   0x00000000        0x0 c:/program files (x86)/atmel/studio/7.0/toolchain/avr8/avr8-gnu-toolchain/bin/../lib/gcc/avr/5.4.0/avr5\libgcc.a(_udivmodsi4.o)
 .text.libgcc.prologue
                0x00000000        0x0 c:/program files (x86)/atmel/studio/7.0/toolchain/avr8/avr8-gnu-toolchain/bin/../lib/gcc/avr/5.4.0/avr5\libgcc.a(_udivmodsi4.o)
 .text.libgcc.builtins
                0x00000000        0x0 c:/program files (x86)/atmel/studio/7.0/toolchain/avr8/avr8-gnu-toolchain/bin/../lib/gcc/avr/5.4.0/avr5\libgcc.a(_udivmodsi4.o)
 .text.libgcc.fmul
                0x00000000        0x0 c:/program files (x86)/atmel/studio/7.0/toolchain/avr8/avr8-gnu-toolchain/bin/../lib/gcc/avr/5.4.0/avr5\libgcc.a(_udivmodsi4.o)
 .text.libgcc.fixed
                0x00000000        0x0 c:/program files (x86)/atmel/studio/7.0/toolchain/avr8/avr8-gnu-toolchain/bin/../lib/gcc/avr/5.4.0/avr5\libgcc.a(_udivmodsi4.o)
 .text          0x00000000        0x0 c:/program files (x86)/atmel/studio/7.0/toolchain/avr8/avr8-gnu-toolchain/bin/../lib/gcc/avr/5.4.0/avr5\libgcc.a(_exit.o)
 .data          0x00000000        0x0 c:/program files (x86)/atmel/studio/7.0/toolchain/avr8/avr8-gnu-toolchain/bin/../lib/gcc/avr/5.4.0/avr5\libgcc.a(_exit.o)
 .bss           0x00000000        0x0 c:/program files (x86)/atmel/studio/7.0/toolchain/avr8/avr8-gnu-toolchain/bin/../lib/gcc/avr/5.4.0/avr5\libgcc.a(_exit.o)
 .text.libgcc.mul
                0x00000000        0x0 c:/program files (x86)/atmel/studio/7.0/toolchain/avr8/avr8-gnu-toolchain/bin/../lib/gcc/avr/5.4.0/avr5\libgcc.a(_exit.o)
 .text.libgcc.div
                0x00000000        0x0 c:/program files (x86)/atmel/studio/7.0/toolchain/avr8/avr8-gnu-toolchain/bin/../lib/gcc/avr/5.4.0/avr5\libgcc.a(_exit.o)
 .text.libgcc   0x00000000        0x0 c:/program files (x86)/atmel/studio/7.0/toolchain/avr8/avr8-gnu-toolchain/bin/../lib/gcc/avr/5.4.0/avr5\libgcc.a(_exit.o)
 .text.libgcc.prologue
                0x00000000        0x0 c:/program files (x86)/atmel/studio/7.0/toolchain/avr8/avr8-gnu-toolchain/bin/../lib/gcc/avr/5.4.0/avr5\libgcc.a(_exit.o)
 .text.libgcc.builtins
                0x00000000        0x0 c:/program files (x86)/atmel/studio/7.0/toolchain/avr8/avr8-gnu-toolchain/bin/../lib/gcc/avr/5.4.0/avr5\libgcc.a(_exit.o)
 .text.libgcc.fmul
                0x00000000        0x0 c:/program files (x86)/atmel/studio/7.0/toolchain/avr8/avr8-gnu-toolchain/bin/../lib/gcc/avr/5.4.0/avr5\libgcc.a(_exit.o)
 .text.libgcc.fixed
                0x00000000        0x0 c:/program files (x86)/atmel/studio/7.0/toolchain/avr8/avr8-gnu-toolchain/bin/../lib/gcc/avr/5.4.0/avr5\libgcc.a(_exit.o)
 .text          0x00000000        0x0 c:/program files (x86)/atmel/studio/7.0/toolchain/avr8/avr8-gnu-toolchain/bin/../lib/gcc/avr/5.4.0/avr5\libgcc.a(_copy_data.o)
 .data          0x00000000        0x0 c:/program files (x86)/atmel/studio/7.0/toolchain/avr8/avr8-gnu-toolchain/bin/../lib/gcc/avr/5.4.0/avr5\libgcc.a(_copy_data.o)
 .bss           0x00000000        0x0 c:/program files (x86)/atmel/studio/7.0/toolchain/avr8/avr8-gnu-toolchain/bin/../lib/gcc/avr/5.4.0/avr5\libgcc.a(_copy_data.o)
 .text.libgcc.mul
                0x00000000        0x0 c:/program files (x86)/atmel/studio/7.0/toolchain/avr8/avr8-gnu-toolchain/bin/../lib/gcc/avr/5.4.0/avr5\libgcc.a(_copy_data.o)
 .text.libgcc.div
                0x00000000        0x0 c:/program files (x86)/atmel/studio/7.0/toolchain/avr8/avr8-gnu-toolchain/bin/../lib/gcc/avr/5.4.0/avr5\libgcc.a(_copy_data.o)
 .text.libgcc   0x00000000        0x0 c:/program files (x86)/atmel/studio/7.0/toolchain/avr8/avr8-gnu-toolchain/bin/../lib/gcc/avr/5.4.0/avr5\libgcc.a(_copy_data.o)
 .text.libgcc.prologue
                0x00000000        0x0 c:/program files (x86)/atmel/studio/7.0/toolchain/avr8/avr8-gnu-toolchain/bin/../lib/gcc/avr/5.4.0/avr5\libgcc.a(_copy_data.o)
 .text.libgcc.builtins
                0x00000000        0x0 c:/program files (x86)/atmel/studio/7.0/toolchain/avr8/avr8-gnu-toolchain/bin/../lib/gcc/avr/5.4.0/avr5\libgcc.a(_copy_data.o)
 .text.libgcc.fmul
                0x00000000        0x0 c:/program files (x86)/atmel/studio/7.0/toolchain/avr8/avr8-gnu-toolchain/bin/../lib/gcc/avr/5.4.0/avr5\libgcc.a(_copy_data.o)
 .text.libgcc.fixed
                0x00000000        0x0 c:/program files (x86)/atmel/studio/7.0/toolchain/avr8/avr8-gnu-toolchain/bin/../lib/gcc/avr/5.4.0/avr5\libgcc.a(_copy_data.o)
 .text          0x00000000        0x0 c:/program files (x86)/atmel/studio/7.0/toolchain/avr8/avr8-gnu-toolchain/bin/../lib/gcc/avr/5.4.0/avr5\libgcc.a(_clear_bss.o)
 .data          0x00000000        0x0 c:/program files (x86)/atmel/studio/7.0/toolchain/avr8/avr8-gnu-toolchain/bin/../lib/gcc/avr/5.4.0/avr5\libgcc.a(_clear_bss.o)
 .bss           0x00000000        0x0 c:/program files (x86)/atmel/studio/7.0/toolchain/avr8/avr8-gnu-toolchain/bin/../lib/gcc/avr/5.4.0/avr5\libgcc.a(_clear_bss.o)
 .text.libgcc.mul
                0x00000000        0x0 c:/program files (x86)/atmel/studio/7.0/toolchain/avr8/avr8-gnu-toolchain/bin/../lib/gcc/avr/5.4.0/avr5\libgcc.a(_clear_bss.o)
 .text.libgcc.div
                0x00000000        0x0 c:/program files (x86)/atmel/studio/7.0/toolchain/avr8/avr8-gnu-toolchain/bin/../lib/gcc/avr/5.4.0/avr5\libgcc.a(_clear_bss.o)
 .text.libgcc   0x00000000        0x0 c:/program files (x86)/atmel/studio/7.0/toolchain/avr8/avr8-gnu-toolchain/bin/../lib/gcc/avr/5.4.0/avr5\libgcc.a(_clear_bss.o)
 .text.libgcc.prologue
                0x00000000        0x0 c:/program files (x86)/atmel/studio/7.0/toolchain/avr8/avr8-gnu-toolchain/bin/../lib/gcc/avr/5.4.0/avr5\libgcc.a(_clear_bss.o)
 .text.libgcc.builtins
                0x00000000        0x0 c:/program files (x86)/atmel/studio/7.0/toolchain/avr8/avr8-gnu-toolchain/bin/../lib/gcc/avr/5.4.0/avr5\libgcc.a(_clear_bss.o)
 .text.libgcc.fmul
                0x00000000        0x0 c:/program files (x86)/atmel/studio/7.0/toolchain/avr8/avr8-gnu-toolchain/bin/../lib/gcc/avr/5.4.0/avr5\libgcc.a(_clear_bss.o)
 .text.libgcc.fixed
                0x00000000        0x0 c:/program files (x86)/atmel/studio/7.0/toolchain/avr8/avr8-gnu-toolchain/bin/../lib/gcc/avr/5.4.0/avr5\libgcc.a(_clear_bss.o)
 .text          0x00000000        0x0 c:/program files (x86)/atmel/studio/7.0/toolchain/avr8/avr8-gnu-toolchain/bin/../lib/gcc/avr/5.4.0/avr5\libgcc.a(_umulhisi3.o)
 .data          0x00000000        0x0 c:/program files (x86)/atmel/studio/7.0/toolchain/avr8/avr8-gnu-toolchain/bin/../lib/gcc/avr/5.4.0/avr5\libgcc.a(_umulhisi3.o)
 .bss           0x00000000        0x0 c:/program files (x86)/atmel/studio/7.0/toolchain/avr8/avr8-gnu-toolchain/bin/../lib/gcc/avr/5.4.0/avr5\libgcc.a(_umulhisi3.o)
 .text.libgcc.div
                0x00000000        0x0 c:/program files (x86)/atmel/studio/7.0/toolchain/avr8/avr8-gnu-toolchain/bin/../lib/gcc/avr/5.4.0/avr5\libgcc.a(_umulhisi3.o)
 .text.libgcc   0x00000000        0x0 c:/program files (x86)/atmel/studio/7.0/toolchain/avr8/avr8-gnu-toolchain/bin/../lib/gcc/avr/5.4.0/avr5\libgcc.a(_umulhisi3.o)
 .text.libgcc.prologue
                0x00000000        0x0 c:/program files (x86)/atmel/studio/7.0/toolchain/avr8/avr8-gnu-toolchain/bin/../lib/gcc/avr/5.4.0/avr5\libgcc.a(_umulhisi3.o)
 .text.libgcc.builtins
                0x00000000        0x0 c:/program files (x86)/atmel/studio/7.0/toolchain/avr8/avr8-gnu-toolchain/bin/../lib/gcc/avr/5.4.0/avr5\libgcc.a(_umulhisi3.o)
 .text.libgcc.fmul
                0x00000000        0x0 c:/program files (x86)/atmel/studio/7.0/toolchain/avr8/avr8-gnu-toolchain/bin/../lib/gcc/avr/5.4.0/avr5\libgcc.a(_umulhisi3.o)
 .text.libgcc.fixed
                0x00000000        0x0 c:/program files (x86)/atmel/studio/7.0/toolchain/avr8/avr8-gnu-toolchain/bin/../lib/gcc/avr/5.4.0/avr5\libgcc.a(_umulhisi3.o)
 .text          0x00000000        0x0 c:/program files (x86)/atmel/studio/7.0/toolchain/avr8/avr8-gnu-toolchain/bin/../lib/gcc/avr/5.4.0/../../../../avr/lib/avr5\libc.a(memcpy_P.o)
 .data          0x00000000        0x0 c:/program files (x86)/atmel/studio/7.0/toolchain/avr8/avr8-gnu-toolchain/bin/../lib/gcc/avr/5.4.0/../../../../avr/lib/avr5\libc.a(memcpy_P.o)
 .bss           0x00000000        0x0 c:/program files (x86)/atmel/studio/7.0/toolchain/avr8/avr8-gnu-toolchain/bin/../lib/gcc/avr/5.4.0/../../../../avr/lib/avr5\libc.a(memcpy_P.o)
 .text          0x00000000        0x0 c:/program files (x86)/atmel/studio/7.0/toolchain/avr8/avr8-gnu-toolchain/bin/../lib/gcc/avr/5.4.0/../../../../avr/lib/avr5\libc.a(strcmp.o)
 .data          0x00000000        0x0 c:/program files (x86)/atmel/studio/7.0/toolchain/avr8/avr8-gnu-toolchain/bin/../lib/gcc/avr/5.4.0/../../../../avr/lib/avr5\libc.a(strcmp.o)
 .bss           0x00000000        0x0 c:/program files (x86)/atmel/studio/7.0/toolchain/avr8/avr8-gnu-toolchain/bin/../lib/gcc/avr/5.4.0/../../../../avr/lib/avr5\libc.a(strcmp.o)
 .text          0x00000000        0x0 c:/program files (x86)/atmel/studio/7.0/toolchain/avr8/avr8-gnu-toolchain/bin/../lib/gcc/avr/5.4.0/../../../../avr/lib/avr5\libc.a(strcpy.o)
 .data          0x00000000        0x0 c:/program files (x86)/atmel/studio/7.0/toolchain/avr8/avr8-gnu-toolchain/bin/../lib/gcc/avr/5.4.0/../../../../avr/lib/avr5\libc.a(strcpy.o)
 .bss           0x00000000        0x0 c:/program files (x86)/atmel/studio/7.0/toolchain/avr8/avr8-gnu-toolchain/bin/../lib/gcc/avr/5.4.0/../../../../avr/lib/avr5\libc.a(strcpy.o)
 .text          0x00000000        0x0 C:/Program Files (x86)/Atmel/Studio/7.0/Packs/atmel/ATmega_DFP/1.2.150/gcc/dev/atmega644pa/avr5\libatmega644pa.a(eerd_block.o)
 .data          0x00000000        0x0 C:/Program Files (x86)/Atmel/Studio/7.0/Packs/atmel/ATmega_DFP/1.2.150/gcc/dev/atmega644pa/avr5\libatmega644pa.a(eerd_block.o)
 .bss           0x00000000        0x0 C:/Program Files (x86)/Atmel/Studio/7.0/Packs/atmel/ATmega_DFP/1.2.150/gcc/dev/atmega644pa/avr5\libatmega644pa.a(eerd_block.o)
 .text          0x00000000        0x0 C:/Program Files (x86)/Atmel/Studio/7.0/Packs/atmel/ATmega_DFP/1.2.150/gcc/dev/atmega644pa/avr5\libatmega644pa.a(eewr_block.o)
 .data          0x00000000        0x0 C:/Program Files (x86)/Atmel/Studio/7.0/Packs/atmel/ATmega_DFP/1.2.150/gcc/dev/atmega644pa/avr5\libatmega644pa.a(eewr_block.o)
 .bss           0x00000000        0x0 C:/Program Files (x86)/Atmel/Studio/7.0/Packs/atmel/ATmega_DFP/1.2.150/gcc/dev/atmega644pa/avr5\libatmega644pa.a(eewr_block.o)
 .text          0x00000000        0x0 C:/Program Files (x86)/Atmel/Studio/7.0/Packs/atmel/ATmega_DFP/1.2.150/gcc/dev/atmega644pa/avr5\libatmega644pa.a(eewr_byte.o)
 .data          0x00000000        0x0 C:/Program Files (x86)/Atmel/Studio/7.0/Packs/atmel/ATmega_DFP/1.2.150/gcc/dev/atmega644pa/avr5\libatmega644pa.a(eewr_byte.o)
 .bss           0x00000000        0x0 C:/Program Files (x86)/Atmel/Studio/7.0/Packs/atmel/ATmega_DFP/1.2.150/gcc/dev/atmega644pa/avr5\libatmega644pa.a(eewr_byte.o)

Memory Configuration

Name             Origin             Length             Attributes
text             0x00000000         0x00020000         xr
data             0x00800060         0x0000ffa0         rw !x
eeprom           0x00810000         0x00010000         rw !x
fuse             0x00820000         0x00000003         rw !x
lock             0x00830000         0x00000400         rw !x
signature        0x00840000         0x00000400         rw !x
user_signatures  0x00850000         0x00000400         rw !x
*default*        0x00000000         0xffffffff

Linker script and memory map

Address of section .data set to 0x800100
LOAD C:/Program Files (x86)/Atmel/Studio/7.0/Packs/atmel/ATmega_DFP/1.2.150/gcc/dev/atmega644pa/avr5/crtatmega644pa.o
LOAD cli.o
LOAD clock.o
LOAD General.o
LOAD interrupts.o
LOAD main.o
LOAD measure_bat.o
LOAD modem_manager.o
LOAD server.o
START GROUP
LOAD c:/program files (x86)/atmel/studio/7.0/toolchain/avr8/avr8-gnu-toolchain/bin/../lib/gcc/avr/5.4.0/../../../../avr/lib/avr5\libm.a
END GROUP
Address of section .text set to 0xe000
Address of section .blspare set to 0xd000
START GROUP
LOAD c:/program files (x86)/atmel/studio/7.0/toolchain/avr8/avr8-gnu-toolchain/bin/../lib/gcc/avr/5.4.0/avr5\libgcc.a
LOAD c:/program files (x86)/atmel/studio/7.0/toolchain/avr8/avr8-gnu-toolchain/bin/../lib/gcc/avr/5.4.0/../../../../avr/lib/avr5\libm.a
LOAD c:/program files (x86)/atmel/studio/7.0/toolchain/avr8/avr8-gnu-toolchain/bin/../lib/gcc/avr/5.4.0/../../../../avr/lib/avr5\libc.a
LOAD C:/Program Files (x86)/Atmel/Studio/7.0/Packs/atmel/ATmega_DFP/1.2.150/gcc/dev/atmega644pa/avr5\libatmega644pa.a
END GROUP
                0x00000000                __TEXT_REGION_ORIGIN__ = DEFINED (__TEXT_REGION_ORIGIN__)?__TEXT_REGION_ORIGIN__:0x0
                0x00800060                __DATA_REGION_ORIGIN__ = DEFINED (__DATA_REGION_ORIGIN__)?__DATA_REGION_ORIGIN__:0x800060
                0x00020000                __TEXT_REGION_LENGTH__ = DEFINED (__TEXT_REGION_LENGTH__)?__TEXT_REGION_LENGTH__:0x20000
                0x0000ffa0                __DATA_REGION_LENGTH__ = DEFINED (__DATA_REGION_LENGTH__)?__DATA_REGION_LENGTH__:0xffa0
                0x00010000                __EEPROM_REGION_LENGTH__ = DEFINED (__EEPROM_REGION_LENGTH__)?__EEPROM_REGION_LENGTH__:0x10000
                [0x00000003]                __FUSE_REGION_LENGTH__ = DEFINED (__FUSE_REGION_LENGTH__)?__FUSE_REGION_LENGTH__:0x400
                0x00000400                __LOCK_REGION_LENGTH__ = DEFINED (__LOCK_REGION_LENGTH__)?__LOCK_REGION_LENGTH__:0x400
                0x00000400                __SIGNATURE_REGION_LENGTH__ = DEFINED (__SIGNATURE_REGION_LENGTH__)?__SIGNATURE_REGION_LENGTH__:0x400
                0x00000400                __USER_SIGNATURE_REGION_LENGTH__ = DEFINED (__USER_SIGNATURE_REGION_LENGTH__)?__USER_SIGNATURE_REGION_LENGTH__:0x400

.hash
 *(.hash)

.dynsym
 *(.dynsym)

.dynstr
 *(.dynstr)

.gnu.version
 *(.gnu.version)

.gnu.version_d
 *(.gnu.version_d)

.gnu.version_r
 *(.gnu.version_r)

.rel.init
 *(.rel.init)

.rela.init
 *(.rela.init)

.rel.text
 *(.rel.text)
 *(.rel.text.*)
 *(.rel.gnu.linkonce.t*)

.rela.text
 *(.rela.text)
 *(.rela.text.*)
 *(.rela.gnu.linkonce.t*)

.rel.fini
 *(.rel.fini)

.rela.fini
 *(.rela.fini)

.rel.rodata
 *(.rel.rodata)
 *(.rel.rodata.*)
 *(.rel.gnu.linkonce.r*)

.rela.rodata
 *(.rela.rodata)
 *(.rela.rodata.*)
 *(.rela.gnu.linkonce.r*)

.rel.data
 *(.rel.data)
 *(.rel.data.*)
 *(.rel.gnu.linkonce.d*)

.rela.data
 *(.rela.data)
 *(.rela.data.*)
 *(.rela.gnu.linkonce.d*)

.rel.ctors
 *(.rel.ctors)

.rela.ctors
 *(.rela.ctors)

.rel.dtors
 *(.rel.dtors)

.rela.dtors
 *(.rela.dtors)

.rel.got
 *(.rel.got)

.rela.got
 *(.rela.got)

.rel.bss
 *(.rel.bss)

.rela.bss
 *(.rela.bss)

.rel.plt
 *(.rel.plt)

.rela.plt
 *(.rela.plt)

.text           0x0000e000     0x1858
 *(.vectors)
 .vectors       0x0000e000       0x7c C:/Program Files (x86)/Atmel/Studio/7.0/Packs/atmel/ATmega_DFP/1.2.150/gcc/dev/atmega644pa/avr5/crtatmega644pa.o
                0x0000e000                __vector_default
                0x0000e000                __vectors
 *(.vectors)
 *(.progmem.gcc*)
                0x0000e07c                . = ALIGN (0x2)
                0x0000e07c                __trampolines_start = .
 *(.trampolines)
 .trampolines   0x0000e07c        0x0 linker stubs
 *(.trampolines*)
                0x0000e07c                __trampolines_end = .
 *libprintf_flt.a:*(.progmem.data)
 *libc.a:*(.progmem.data)
 *(.progmem*)
                0x0000e07c                . = ALIGN (0x2)
 *(.jumptables)
 *(.jumptables*)
 *(.lowtext)
 *(.lowtext*)
                0x0000e07c                __ctors_start = .
 *(.ctors)
                0x0000e07c                __ctors_end = .
                0x0000e07c                __dtors_start = .
 *(.dtors)
                0x0000e07c                __dtors_end = .
 SORT(*)(.ctors)
 SORT(*)(.dtors)
 *(.init0)
 .init0         0x0000e07c        0x0 C:/Program Files (x86)/Atmel/Studio/7.0/Packs/atmel/ATmega_DFP/1.2.150/gcc/dev/atmega644pa/avr5/crtatmega644pa.o
                0x0000e07c                __init
 *(.init0)
 *(.init1)
 *(.init1)
 *(.init2)
 .init2         0x0000e07c        0xc C:/Program Files (x86)/Atmel/Studio/7.0/Packs/atmel/ATmega_DFP/1.2.150/gcc/dev/atmega644pa/avr5/crtatmega644pa.o
 *(.init2)
 *(.init3)
 *(.init3)
 *(.init4)
 .init4         0x0000e088       0x16 c:/program files (x86)/atmel/studio/7.0/toolchain/avr8/avr8-gnu-toolchain/bin/../lib/gcc/avr/5.4.0/avr5\libgcc.a(_copy_data.o)
                0x0000e088                __do_copy_data
 .init4         0x0000e09e       0x10 c:/program files (x86)/atmel/studio/7.0/toolchain/avr8/avr8-gnu-toolchain/bin/../lib/gcc/avr/5.4.0/avr5\libgcc.a(_clear_bss.o)
                0x0000e09e                __do_clear_bss
 *(.init4)
 *(.init5)
 *(.init5)
 *(.init6)
 *(.init6)
 *(.init7)
 *(.init7)
 *(.init8)
 *(.init8)
 *(.init9)
 .init9         0x0000e0ae        0x8 C:/Program Files (x86)/Atmel/Studio/7.0/Packs/atmel/ATmega_DFP/1.2.150/gcc/dev/atmega644pa/avr5/crtatmega644pa.o
 *(.init9)
 *(.text)
 .text          0x0000e0b6        0x4 C:/Program Files (x86)/Atmel/Studio/7.0/Packs/atmel/ATmega_DFP/1.2.150/gcc/dev/atmega644pa/avr5/crtatmega644pa.o
                0x0000e0b6                __vector_22
                0x0000e0b6                __vector_28
                0x0000e0b6                __vector_1
                0x0000e0b6                __vector_24
                0x0000e0b6                __vector_12
                0x0000e0b6                __bad_interrupt
                0x0000e0b6                __vector_6
                0x0000e0b6                __vector_3
                0x0000e0b6                __vector_23
                0x0000e0b6                __vector_30
                0x0000e0b6                __vector_25
                0x0000e0b6                __vector_11
                0x0000e0b6                __vector_17
                0x0000e0b6                __vector_19
                0x0000e0b6                __vector_7
                0x0000e0b6                __vector_27
                0x0000e0b6                __vector_5
                0x0000e0b6                __vector_4
                0x0000e0b6                __vector_9
                0x0000e0b6                __vector_2
                0x0000e0b6                __vector_21
                0x0000e0b6                __vector_15
                0x0000e0b6                __vector_29
                0x0000e0b6                __vector_26
                0x0000e0b6                __vector_14
                0x0000e0b6                __vector_10
                0x0000e0b6                __vector_16
                0x0000e0b6                __vector_18
                0x0000e0b6                __vector_20
                0x0000e0ba                . = ALIGN (0x2)
 *(.text.*)
 .text.clock_interrupt_100ms
                0x0000e0ba       0x14 clock.o
                0x0000e0ba                clock_interrupt_100ms
 .text.delay_ms
                0x0000e0ce       0x28 clock.o
                0x0000e0ce                delay_ms
 .text.delay_secs
                0x0000e0f6       0x2e clock.o
                0x0000e0f6                delay_secs
 .text.LoadEEPROMData
                0x0000e124       0x5c General.o
                0x0000e124                LoadEEPROMData
 .text.SaveEEPROMData
                0x0000e180       0x14 General.o
                0x0000e180                SaveEEPROMData
 .text.InitProgram
                0x0000e194       0x92 General.o
                0x0000e194                InitProgram
 .text.InitPeripherals
                0x0000e226       0x56 General.o
                0x0000e226                InitPeripherals
 .text.qscanf   0x0000e27c      0x13e General.o
                0x0000e27c                qscanf
 .text.qprintfv
                0x0000e3ba      0x146 General.o
                0x0000e3ba                qprintfv
 .text.qprintf  0x0000e500       0x20 General.o
                0x0000e500                qprintf
 .text.logTx    0x0000e520        0xe General.o
                0x0000e520                logTx
 .text.logStrRaw
                0x0000e52e       0x1a General.o
                0x0000e52e                logStrRaw
 .text.logStr   0x0000e548        0xc General.o
                0x0000e548                logStr
 .text.logd     0x0000e554       0x34 General.o
                0x0000e554                logd
 .text.PowerDown
                0x0000e588       0xb0 General.o
                0x0000e588                PowerDown
 .text.__vector_13
                0x0000e638       0x48 interrupts.o
                0x0000e638                __vector_13
 .text.__vector_8
                0x0000e680       0x2e interrupts.o
                0x0000e680                __vector_8
 .text.jump_to_app
                0x0000e6ae       0x5a main.o
 .text.getVersion
                0x0000e708        0x6 main.o
                0x0000e708                getVersion
 .text.CRC16_CCITT
                0x0000e70e       0x50 main.o
                0x0000e70e                CRC16_CCITT
 .text.checkAppHeader
                0x0000e75e       0x90 main.o
                0x0000e75e                checkAppHeader
 .text.doAppUpgrade
                0x0000e7ee       0x74 main.o
                0x0000e7ee                doAppUpgrade
 .text.startup.main
                0x0000e862      0x184 main.o
                0x0000e862                main
 .text.ReadAdc  0x0000e9e6       0x34 measure_bat.o
                0x0000e9e6                ReadAdc
 .text.MeasureADC
                0x0000ea1a       0xcc measure_bat.o
                0x0000ea1a                MeasureADC
 .text.MeasureBatt
                0x0000eae6       0x34 measure_bat.o
                0x0000eae6                MeasureBatt
 .text.parseMONIResponse
                0x0000eb1a       0x98 modem_manager.o
                0x0000eb1a                parseMONIResponse
 .text.parseCSQResponse
                0x0000ebb2       0x50 modem_manager.o
                0x0000ebb2                parseCSQResponse
 .text.parseCOPSResponse
                0x0000ec02      0x166 modem_manager.o
                0x0000ec02                parseCOPSResponse
 .text.getResponse
                0x0000ed68        0x6 modem_manager.o
                0x0000ed68                getResponse
 .text.getHttpBody
                0x0000ed6e       0x18 modem_manager.o
                0x0000ed6e                getHttpBody
 .text.getHttpBodyLength
                0x0000ed86       0x20 modem_manager.o
                0x0000ed86                getHttpBodyLength
 .text.turnOnIgnition
                0x0000eda6        0x4 modem_manager.o
                0x0000eda6                turnOnIgnition
 .text.turnOffIgnition
                0x0000edaa        0x4 modem_manager.o
                0x0000edaa                turnOffIgnition
 .text.modemHwShdn
                0x0000edae        0x4 modem_manager.o
                0x0000edae                modemHwShdn
 .text.isModemOn
                0x0000edb2        0xe modem_manager.o
                0x0000edb2                isModemOn
 .text.IsOK     0x0000edc0       0x24 modem_manager.o
                0x0000edc0                IsOK
 .text.IsError  0x0000ede4       0x24 modem_manager.o
                0x0000ede4                IsError
 .text.IsConnect
                0x0000ee08       0x24 modem_manager.o
                0x0000ee08                IsConnect
 .text.IsReady  0x0000ee2c       0x24 modem_manager.o
                0x0000ee2c                IsReady
 .text.modemRx  0x0000ee50       0x1e modem_manager.o
                0x0000ee50                modemRx
 .text.sendRaw  0x0000ee6e      0x258 modem_manager.o
                0x0000ee6e                sendRaw
 .text.sendAT   0x0000f0c6        0x6 modem_manager.o
                0x0000f0c6                sendAT
 .text.sendAT1  0x0000f0cc       0x30 modem_manager.o
                0x0000f0cc                sendAT1
 .text.sendAT2  0x0000f0fc       0x7e modem_manager.o
                0x0000f0fc                sendAT2
 .text.sendHTTP
                0x0000f17a       0x32 modem_manager.o
                0x0000f17a                sendHTTP
 .text.sendOperatorSelection
                0x0000f1ac       0xb0 modem_manager.o
                0x0000f1ac                sendOperatorSelection
 .text.parseXREGResponse
                0x0000f25c       0x4c modem_manager.o
                0x0000f25c                parseXREGResponse
 .text.parseCREGResponse
                0x0000f2a8        0x8 modem_manager.o
                0x0000f2a8                parseCREGResponse
 .text.parseCGREGResponse
                0x0000f2b0        0x8 modem_manager.o
                0x0000f2b0                parseCGREGResponse
 .text.initModem
                0x0000f2b8       0xb0 modem_manager.o
                0x0000f2b8                initModem
 .text.modemRegisterNextOperator
                0x0000f368      0x28a modem_manager.o
                0x0000f368                modemRegisterNextOperator
 .text.connectModem
                0x0000f5f2       0x56 modem_manager.o
                0x0000f5f2                connectModem
 .text.closeModem
                0x0000f648       0x76 modem_manager.o
                0x0000f648                closeModem
 .text.boot_program_page
                0x0000f6be       0x8a server.o
                0x0000f6be                boot_program_page
 .text.libgcc.div
                0x0000f748       0x28 c:/program files (x86)/atmel/studio/7.0/toolchain/avr8/avr8-gnu-toolchain/bin/../lib/gcc/avr/5.4.0/avr5\libgcc.a(_udivmodhi4.o)
                0x0000f748                __udivmodhi4
 .text.libgcc.div
                0x0000f770       0x44 c:/program files (x86)/atmel/studio/7.0/toolchain/avr8/avr8-gnu-toolchain/bin/../lib/gcc/avr/5.4.0/avr5\libgcc.a(_udivmodsi4.o)
                0x0000f770                __udivmodsi4
 .text.libgcc.mul
                0x0000f7b4       0x1e c:/program files (x86)/atmel/studio/7.0/toolchain/avr8/avr8-gnu-toolchain/bin/../lib/gcc/avr/5.4.0/avr5\libgcc.a(_umulhisi3.o)
                0x0000f7b4                __umulhisi3
 .text.avr-libc
                0x0000f7d2       0x12 c:/program files (x86)/atmel/studio/7.0/toolchain/avr8/avr8-gnu-toolchain/bin/../lib/gcc/avr/5.4.0/../../../../avr/lib/avr5\libc.a(memcpy_P.o)
                0x0000f7d2                memcpy_P
 .text.avr-libc
                0x0000f7e4       0x12 c:/program files (x86)/atmel/studio/7.0/toolchain/avr8/avr8-gnu-toolchain/bin/../lib/gcc/avr/5.4.0/../../../../avr/lib/avr5\libc.a(strcmp.o)
                0x0000f7e4                strcmp
 .text.avr-libc
                0x0000f7f6        0xe c:/program files (x86)/atmel/studio/7.0/toolchain/avr8/avr8-gnu-toolchain/bin/../lib/gcc/avr/5.4.0/../../../../avr/lib/avr5\libc.a(strcpy.o)
                0x0000f7f6                strcpy
 .text.avr-libc
                0x0000f804       0x20 C:/Program Files (x86)/Atmel/Studio/7.0/Packs/atmel/ATmega_DFP/1.2.150/gcc/dev/atmega644pa/avr5\libatmega644pa.a(eerd_block.o)
                0x0000f804                eeprom_read_block
                0x0000f808                eeprom_read_blraw
 .text.avr-libc
                0x0000f824       0x14 C:/Program Files (x86)/Atmel/Studio/7.0/Packs/atmel/ATmega_DFP/1.2.150/gcc/dev/atmega644pa/avr5\libatmega644pa.a(eewr_block.o)
                0x0000f824                eeprom_write_block
 .text.avr-libc
                0x0000f838       0x1c C:/Program Files (x86)/Atmel/Studio/7.0/Packs/atmel/ATmega_DFP/1.2.150/gcc/dev/atmega644pa/avr5\libatmega644pa.a(eewr_byte.o)
                0x0000f838                eeprom_write_byte
                0x0000f83a                eeprom_write_r18
                0x0000f854                . = ALIGN (0x2)
 *(.fini9)
 .fini9         0x0000f854        0x0 c:/program files (x86)/atmel/studio/7.0/toolchain/avr8/avr8-gnu-toolchain/bin/../lib/gcc/avr/5.4.0/avr5\libgcc.a(_exit.o)
                0x0000f854                _exit
                0x0000f854                exit
 *(.fini9)
 *(.fini8)
 *(.fini8)
 *(.fini7)
 *(.fini7)
 *(.fini6)
 *(.fini6)
 *(.fini5)
 *(.fini5)
 *(.fini4)
 *(.fini4)
 *(.fini3)
 *(.fini3)
 *(.fini2)
 *(.fini2)
 *(.fini1)
 *(.fini1)
 *(.fini0)
 .fini0         0x0000f854        0x4 c:/program files (x86)/atmel/studio/7.0/toolchain/avr8/avr8-gnu-toolchain/bin/../lib/gcc/avr/5.4.0/avr5\libgcc.a(_exit.o)
 *(.fini0)
                0x0000f858                _etext = .

.data           0x00800100      0x46a load address 0x0000f858
                0x00800100                PROVIDE (__data_start, .)
 *(.data)
 *(.data*)
 .data.shortModemInit
                0x00800100        0x1 main.o
                0x00800100                shortModemInit
 .data.socket   0x00800101        0x1 modem_manager.o
                0x00800101                socket
 *(.gnu.linkonce.d*)
 *(.rodata)
 *(.rodata*)
 .rodata.str1.1
                0x00800102       0x61 General.o
                                 0x64 (size before relaxing)
 .rodata.str1.1
                0x00800163       0xa1 main.o
 .rodata.str1.1
                0x00800204        0xa measure_bat.o
 .rodata.str1.1
                0x0080020e      0x22c modem_manager.o
                                0x231 (size before relaxing)
 .rodata.str1.1
                0x0080043a      0x130 server.o
                                0x147 (size before relaxing)
 *(.gnu.linkonce.r*)
                0x0080056a                . = ALIGN (0x2)
                0x0080056a                _edata = .
                0x0080056a                PROVIDE (__data_end, .)

.bss            0x0080056a      0x97c
                0x0080056a                PROVIDE (__bss_start, .)
 *(.bss)
 *(.bss*)
 .bss.modemModel
                0x0080056a        0x1 modem_manager.o
                0x0080056a                modemModel
 .bss.curOprt   0x0080056b        0x1 modem_manager.o
                0x0080056b                curOprt
 .bss.numOprt   0x0080056c        0x1 modem_manager.o
                0x0080056c                numOprt
 *(COMMON)
 COMMON         0x0080056d        0x2 clock.o
                0x0080056d                ms100
 COMMON         0x0080056f       0xc7 General.o
                0x0080056f                appEepromData
                0x008005d0                blEepromData
                0x008005d2                debugbuf
 COMMON         0x00800636       0x15 main.o
                0x00800636                isAppValid
                0x00800637                performUpgrade
                0x00800638                appHeader
                0x0080063e                btrStatus
                0x0080063f                iVoltage
                0x00800641                crc
                0x00800643                wdtSecs
                0x00800645                LedStatus
                0x00800649                bExtReset
                0x0080064a                upgradeRetries
 COMMON         0x0080064b      0x899 modem_manager.o
                0x0080064b                atCommand
                0x00800e4b                atCommandCount
                0x00800e4d                httpBodyStart
                0x00800e4f                ICCID
                0x00800e64                OprtTbl
                0x00800edc                CellID
                0x00800ee2                rssi_val
                0x00800ee3                isRoaming
 COMMON         0x00800ee4        0x2 server.o
                0x00800ee4                contentLength
                0x00800ee6                PROVIDE (__bss_end, .)
                0x0000f858                __data_load_start = LOADADDR (.data)
                0x0000fcc2                __data_load_end = (__data_load_start + SIZEOF (.data))

.noinit         0x00800ee6        0x0
                [!provide]                PROVIDE (__noinit_start, .)
 *(.noinit*)
                [!provide]                PROVIDE (__noinit_end, .)
                0x00800ee6                _end = .
                [!provide]                PROVIDE (__heap_start, .)

.eeprom         0x00810000      0x402
 *(.eeprom*)
 .eeprom        0x00810000      0x402 main.o
                0x00810000                debugEEPROM
                0x00810402                __eeprom_end = .

.fuse
 *(.fuse)
 *(.lfuse)
 *(.hfuse)
 *(.efuse)

.lock
 *(.lock*)

.signature
 *(.signature*)

.user_signatures
 *(.user_signatures*)

.stab
 *(.stab)

.stabstr
 *(.stabstr)

.stab.excl
 *(.stab.excl)

.stab.exclstr
 *(.stab.exclstr)

.stab.index
 *(.stab.index)

.stab.indexstr
 *(.stab.indexstr)

.comment        0x00000000       0x30
 *(.comment)
 .comment       0x00000000       0x30 clock.o
                                 0x31 (size before relaxing)
 .comment       0x00000030       0x31 General.o
 .comment       0x00000030       0x31 interrupts.o
 .comment       0x00000030       0x31 main.o
 .comment       0x00000030       0x31 measure_bat.o
 .comment       0x00000030       0x31 modem_manager.o
 .comment       0x00000030       0x31 server.o

.note.gnu.avr.deviceinfo
                0x00000000       0x40
 .note.gnu.avr.deviceinfo
                0x00000000       0x40 C:/Program Files (x86)/Atmel/Studio/7.0/Packs/atmel/ATmega_DFP/1.2.150/gcc/dev/atmega644pa/avr5/crtatmega644pa.o

.note.gnu.build-id
 *(.note.gnu.build-id)

.debug
 *(.debug)

.line
 *(.line)

.debug_srcinfo
 *(.debug_srcinfo)

.debug_sfnames
 *(.debug_sfnames)

.debug_aranges  0x00000000      0x338
 *(.debug_aranges)
 .debug_aranges
                0x00000000       0x30 clock.o
 .debug_aranges
                0x00000030       0x88 General.o
 .debug_aranges
                0x000000b8       0x28 interrupts.o
 .debug_aranges
                0x000000e0       0x48 main.o
 .debug_aranges
                0x00000128       0x30 measure_bat.o
 .debug_aranges
                0x00000158      0x128 modem_manager.o
 .debug_aranges
                0x00000280       0x58 server.o
 .debug_aranges
                0x000002d8       0x20 C:/Program Files (x86)/Atmel/Studio/7.0/Packs/atmel/ATmega_DFP/1.2.150/gcc/dev/atmega644pa/avr5\libatmega644pa.a(eerd_block.o)
 .debug_aranges
                0x000002f8       0x20 C:/Program Files (x86)/Atmel/Studio/7.0/Packs/atmel/ATmega_DFP/1.2.150/gcc/dev/atmega644pa/avr5\libatmega644pa.a(eewr_block.o)
 .debug_aranges
                0x00000318       0x20 C:/Program Files (x86)/Atmel/Studio/7.0/Packs/atmel/ATmega_DFP/1.2.150/gcc/dev/atmega644pa/avr5\libatmega644pa.a(eewr_byte.o)

.debug_pubnames
 *(.debug_pubnames)

.debug_info     0x00000000     0x33d3
 *(.debug_info .gnu.linkonce.wi.*)
 .debug_info    0x00000000      0x6cc C:/Program Files (x86)/Atmel/Studio/7.0/Packs/atmel/ATmega_DFP/1.2.150/gcc/dev/atmega644pa/avr5/crtatmega644pa.o
 .debug_info    0x000006cc      0x11b clock.o
 .debug_info    0x000007e7      0x954 General.o
 .debug_info    0x0000113b       0xcb interrupts.o
 .debug_info    0x00001206      0x756 main.o
 .debug_info    0x0000195c      0x1ee measure_bat.o
 .debug_info    0x00001b4a     0x11ca modem_manager.o
 .debug_info    0x00002d14      0x4b6 server.o
 .debug_info    0x000031ca       0xae C:/Program Files (x86)/Atmel/Studio/7.0/Packs/atmel/ATmega_DFP/1.2.150/gcc/dev/atmega644pa/avr5\libatmega644pa.a(eerd_block.o)
 .debug_info    0x00003278       0xae C:/Program Files (x86)/Atmel/Studio/7.0/Packs/atmel/ATmega_DFP/1.2.150/gcc/dev/atmega644pa/avr5\libatmega644pa.a(eewr_block.o)
 .debug_info    0x00003326       0xad C:/Program Files (x86)/Atmel/Studio/7.0/Packs/atmel/ATmega_DFP/1.2.150/gcc/dev/atmega644pa/avr5\libatmega644pa.a(eewr_byte.o)

.debug_abbrev   0x00000000     0x1332
 *(.debug_abbrev)
 .debug_abbrev  0x00000000      0x66e C:/Program Files (x86)/Atmel/Studio/7.0/Packs/atmel/ATmega_DFP/1.2.150/gcc/dev/atmega644pa/avr5/crtatmega644pa.o
 .debug_abbrev  0x0000066e       0x92 clock.o
 .debug_abbrev  0x00000700      0x2f0 General.o
 .debug_abbrev  0x000009f0       0x8c interrupts.o
 .debug_abbrev  0x00000a7c      0x225 main.o
 .debug_abbrev  0x00000ca1      0x108 measure_bat.o
 .debug_abbrev  0x00000da9      0x38e modem_manager.o
 .debug_abbrev  0x00001137      0x1bf server.o
 .debug_abbrev  0x000012f6       0x14 C:/Program Files (x86)/Atmel/Studio/7.0/Packs/atmel/ATmega_DFP/1.2.150/gcc/dev/atmega644pa/avr5\libatmega644pa.a(eerd_block.o)
 .debug_abbrev  0x0000130a       0x14 C:/Program Files (x86)/Atmel/Studio/7.0/Packs/atmel/ATmega_DFP/1.2.150/gcc/dev/atmega644pa/avr5\libatmega644pa.a(eewr_block.o)
 .debug_abbrev  0x0000131e       0x14 C:/Program Files (x86)/Atmel/Studio/7.0/Packs/atmel/ATmega_DFP/1.2.150/gcc/dev/atmega644pa/avr5\libatmega644pa.a(eewr_byte.o)

.debug_line     0x00000000     0x1f8d
 *(.debug_line .debug_line.* .debug_line_end)
 .debug_line    0x00000000      0x151 C:/Program Files (x86)/Atmel/Studio/7.0/Packs/atmel/ATmega_DFP/1.2.150/gcc/dev/atmega644pa/avr5/crtatmega644pa.o
 .debug_line    0x00000151       0x9a clock.o
 .debug_line    0x000001eb      0x810 General.o
 .debug_line    0x000009fb       0x70 interrupts.o
 .debug_line    0x00000a6b      0x3e0 main.o
 .debug_line    0x00000e4b      0x19f measure_bat.o
 .debug_line    0x00000fea      0xafc modem_manager.o
 .debug_line    0x00001ae6      0x2de server.o
 .debug_line    0x00001dc4       0xab C:/Program Files (x86)/Atmel/Studio/7.0/Packs/atmel/ATmega_DFP/1.2.150/gcc/dev/atmega644pa/avr5\libatmega644pa.a(eerd_block.o)
 .debug_line    0x00001e6f       0x80 C:/Program Files (x86)/Atmel/Studio/7.0/Packs/atmel/ATmega_DFP/1.2.150/gcc/dev/atmega644pa/avr5\libatmega644pa.a(eewr_block.o)
 .debug_line    0x00001eef       0x9e C:/Program Files (x86)/Atmel/Studio/7.0/Packs/atmel/ATmega_DFP/1.2.150/gcc/dev/atmega644pa/avr5\libatmega644pa.a(eewr_byte.o)

.debug_frame    0x00000000      0xc08
 *(.debug_frame)
 .debug_frame   0x00000000       0x44 clock.o
 .debug_frame   0x00000044      0x1a0 General.o
 .debug_frame   0x000001e4       0x90 interrupts.o
 .debug_frame   0x00000274       0xec main.o
 .debug_frame   0x00000360       0x90 measure_bat.o
 .debug_frame   0x000003f0      0x5d8 modem_manager.o
 .debug_frame   0x000009c8      0x240 server.o

.debug_str      0x00000000      0xc9d
 *(.debug_str)
 .debug_str     0x00000000      0x252 C:/Program Files (x86)/Atmel/Studio/7.0/Packs/atmel/ATmega_DFP/1.2.150/gcc/dev/atmega644pa/avr5/crtatmega644pa.o
 .debug_str     0x00000252      0x169 clock.o
                                0x1a7 (size before relaxing)
 .debug_str     0x000003bb      0x2a3 General.o
                                0x40d (size before relaxing)
 .debug_str     0x0000065e       0x29 interrupts.o
                                0x1a0 (size before relaxing)
 .debug_str     0x00000687      0x1a5 main.o
                                0x4d4 (size before relaxing)
 .debug_str     0x0000082c       0x4a measure_bat.o
                                0x1dc (size before relaxing)
 .debug_str     0x00000876      0x383 modem_manager.o
                                0x6aa (size before relaxing)
 .debug_str     0x00000bf9       0xa4 server.o
                                0x3c3 (size before relaxing)

.debug_loc      0x00000000     0x301c
 *(.debug_loc)
 .debug_loc     0x00000000       0x50 clock.o
 .debug_loc     0x00000050      0xabf General.o
 .debug_loc     0x00000b0f      0x114 interrupts.o
 .debug_loc     0x00000c23      0x366 main.o
 .debug_loc     0x00000f89      0x260 measure_bat.o
 .debug_loc     0x000011e9     0x15c6 modem_manager.o
 .debug_loc     0x000027af      0x86d server.o

.debug_macinfo
 *(.debug_macinfo)

.debug_weaknames
 *(.debug_weaknames)

.debug_funcnames
 *(.debug_funcnames)

.debug_typenames
 *(.debug_typenames)

.debug_varnames
 *(.debug_varnames)

.debug_pubtypes
 *(.debug_pubtypes)

.debug_ranges   0x00000000      0x2b8
 *(.debug_ranges)
 .debug_ranges  0x00000000       0x20 clock.o
 .debug_ranges  0x00000020       0x90 General.o
 .debug_ranges  0x000000b0       0x18 interrupts.o
 .debug_ranges  0x000000c8       0x38 main.o
 .debug_ranges  0x00000100       0x20 measure_bat.o
 .debug_ranges  0x00000120      0x150 modem_manager.o
 .debug_ranges  0x00000270       0x48 server.o

.debug_macro
 *(.debug_macro)
OUTPUT(BootloaderAtm.elf elf32-avr)
LOAD linker stubs

.blspare        0x0000d000      0x550
 .blspare       0x0000d000       0x98 General.o
                0x0000d000                WakeUpProcedure
 .blspare       0x0000d098      0x152 modem_manager.o
                0x0000d098                turnModemOn
 .blspare       0x0000d1ea      0x366 server.o
                0x0000d1ea                parseFileChunkHeaders
                0x0000d21a                parseFileInfoHeaders
                0x0000d21e                isHTTPOK
                0x0000d246                isHTTPPartial
                0x0000d26e                getFirmwareLength
                0x0000d312                downloadFirmware
                0x0000d4a2                updateFirmwareStatus
